Testing for compilation errors...

1. GiftModal GIFT_ICONS - Checking...
✅ GiftModal GIFT_ICONS: OK
✅ Global Chat Optimistic: OK
✅ MainLayout Navigation: OK
